WESTCAL CHECKER ERRORS:
	Error with Work Number value: Column: 29 - Row: 3
	Error with Work Number value: Column: 29 - Row: 11
